#-----------------------------------------------------------
# Vivado v2023.1 (64-bit)
# SW Build 3865809 on Sun May  7 15:05:29 MDT 2023
# IP Build 3864474 on Sun May  7 20:36:21 MDT 2023
# SharedData Build 3865790 on Sun May 07 13:33:03 MDT 2023
# Start of session at: Wed Nov 29 09:50:53 2023
# Process ID: 21244
# Current directory: C:/Users/mucar/OneDrive/Documentos/UFRGS/TCC/Kintex_2/Oscillator
# Command line: vivado.exe -gui_launcher_event rodinguilauncherevent21964 C:\Users\mucar\OneDrive\Documentos\UFRGS\TCC\Kintex_2\Oscillator\Oscillator.xpr
# Log file: C:/Users/mucar/OneDrive/Documentos/UFRGS/TCC/Kintex_2/Oscillator/vivado.log
# Journal file: C:/Users/mucar/OneDrive/Documentos/UFRGS/TCC/Kintex_2/Oscillator\vivado.jou
# Running On: DESKTOP-KJGUP1A, OS: Windows, CPU Frequency: 1800 MHz, CPU Physical cores: 4, Host memory: 8459 MB
#-----------------------------------------------------------
start_guopopen_project C:/Users/mucar/OneDrive/Documentos/UFRGS/TCC/Kintex_2/Oscillator/Oscillator.xpupdate_compile_order -fileset sources_1
open_hw_manager
connect_hw_server -allow_non_jtag
open_hw_target
set_property PROGRAM.FILE {C:/Users/mucar/OneDrive/Documentos/UFRGS/TCC/Kintex_2/Oscillator/Oscillator.runs/impl_1/OscillatorModule.bit} [get_hw_devices xc7z020_1]
current_hw_device [get_hw_devices xc7z020_1]
refresh_hw_device -update_hw_probes false [lindex [get_hw_devices xc7z020_1] 0]
create_hw_cfgmem -hw_device [get_hw_devices xc7z020_1] -mem_dev [lindex [get_cfgmem_parts {28f256m29ewh-nor-x8}] 0]
set_property PROBES.FILE {} [get_hw_devices xc7z020_1]
set_property FULL_PROBES.FILE {} [get_hw_devices xc7z020_1]
set_property PROGRAM.FILE {C:/Users/mucar/OneDrive/Documentos/UFRGS/TCC/Kintex_2/Oscillator/Oscillator.runs/impl_1/OscillatorModule.bit} [get_hw_devices xc7z020_1]
program_hw_devices [get_hw_devices xc7z020_1]
refresh_hw_device [lindex [get_hw_devices xc7z020_1] 0]
disconnect_hw_server localhost:3121
connect_hw_server -allow_non_jtag
disconnect_hw_server localhost:3121
connect_hw_server -allow_non_jtag
disconnect_hw_server localhost:3121
connect_hw_server -allow_non_jtag
disconnect_hw_server localhost:3121
connect_hw_server -allow_non_jtag
disconnect_hw_server localhost:3121
connect_hw_server -allow_non_jtag
open_hw_target
set_property PROGRAM.FILE {C:/Users/mucar/OneDrive/Documentos/UFRGS/TCC/Kintex_2/Oscillator/Oscillator.runs/impl_1/OscillatorModule.bit} [get_hw_devices xc7z020_1]
current_hw_device [get_hw_devices xc7z020_1]
refresh_hw_device -update_hw_probes false [lindex [get_hw_devices xc7z020_1] 0]
create_hw_cfgmem -hw_device [get_hw_devices xc7z020_1] -mem_dev [lindex [get_cfgmem_parts {28f256m29ewh-nor-x8}] 0]
set_property PROBES.FILE {} [get_hw_devices xc7z020_1]
set_property FULL_PROBES.FILE {} [get_hw_devices xc7z020_1]
set_property PROGRAM.FILE {C:/Users/mucar/OneDrive/Documentos/UFRGS/TCC/Kintex_2/Oscillator/Oscillator.runs/impl_1/OscillatorModule.bit} [get_hw_devices xc7z020_1]
program_hw_devices [get_hw_devices xc7z020_1]
refresh_hw_device [lindex [get_hw_devices xc7z020_1] 0]
